// Jest Snapshot v1, https://goo.gl/fbAQLP

exports[`scaleinformation Should render a Scale 1`] = `
<body>
  <div>
    <div>
      <h3>
        Scale: 
        C# Ionian
      </h3>
      <div>
        <svg
          viewBox="0 0 100 50"
          width="100"
        >
          <g
            width="14.285714285714286"
          >
            <path
              class="whiteKey key show"
              d="M 0 0 v 47.5 q 0 2.5 1.4285714285714288 2.5 h 11.428571428571429 q 1.4285714285714288 0 1.4285714285714288 -2.5 v -47.5 Z"
              data-natural="C"
              data-octave="lower"
              rx="1.4285714285714288"
              ry="2.5"
              x="0"
            />
          </g>
          <g
            width="14.285714285714286"
          >
            <path
              class="whiteKey key "
              d="M 14.285714285714286 0 v 47.5 q 0 2.5 1.4285714285714288 2.5 h 11.428571428571429 q 1.4285714285714288 0 1.4285714285714288 -2.5 v -47.5 Z"
              data-natural="D"
              data-octave="lower"
              rx="1.4285714285714288"
              ry="2.5"
              x="14.285714285714286"
            />
          </g>
          <g
            width="7.142857142857143"
          >
            <path
              class="blackKey key show"
              d="M 10.714285714285715 0 v 28.75 q 0 2.5 1.4285714285714288 2.5 h 4.285714285714286 q 1.4285714285714288 0 1.4285714285714288 -2.5 v -28.75 Z"
              data-flat="Db"
              data-octave="lower"
              data-sharp="C#"
              rx="1.4285714285714288"
              ry="2.5"
              x="10.714285714285715"
            />
          </g>
          <g
            width="14.285714285714286"
          >
            <path
              class="whiteKey key "
              d="M 28.571428571428573 0 v 47.5 q 0 2.5 1.4285714285714288 2.5 h 11.428571428571429 q 1.4285714285714288 0 1.4285714285714288 -2.5 v -47.5 Z"
              data-natural="E"
              data-octave="lower"
              rx="1.4285714285714288"
              ry="2.5"
              x="28.571428571428573"
            />
          </g>
          <g
            width="7.142857142857143"
          >
            <path
              class="blackKey key show"
              d="M 25 0 v 28.75 q 0 2.5 1.4285714285714288 2.5 h 4.285714285714286 q 1.4285714285714288 0 1.4285714285714288 -2.5 v -28.75 Z"
              data-flat="Eb"
              data-octave="lower"
              data-sharp="D#"
              rx="1.4285714285714288"
              ry="2.5"
              x="25"
            />
          </g>
          <g
            width="14.285714285714286"
          >
            <path
              class="whiteKey key show"
              d="M 42.85714285714286 0 v 47.5 q 0 2.5 1.4285714285714288 2.5 h 11.428571428571429 q 1.4285714285714288 0 1.4285714285714288 -2.5 v -47.5 Z"
              data-natural="F"
              data-octave="lower"
              rx="1.4285714285714288"
              ry="2.5"
              x="42.85714285714286"
            />
          </g>
          <g
            width="14.285714285714286"
          >
            <path
              class="whiteKey key "
              d="M 57.142857142857146 0 v 47.5 q 0 2.5 1.4285714285714288 2.5 h 11.428571428571429 q 1.4285714285714288 0 1.4285714285714288 -2.5 v -47.5 Z"
              data-natural="G"
              data-octave="lower"
              rx="1.4285714285714288"
              ry="2.5"
              x="57.142857142857146"
            />
          </g>
          <g
            width="7.142857142857143"
          >
            <path
              class="blackKey key show"
              d="M 53.57142857142857 0 v 28.75 q 0 2.5 1.4285714285714288 2.5 h 4.285714285714286 q 1.4285714285714288 0 1.4285714285714288 -2.5 v -28.75 Z"
              data-flat="Gb"
              data-octave="lower"
              data-sharp="F#"
              rx="1.4285714285714288"
              ry="2.5"
              x="53.57142857142857"
            />
          </g>
          <g
            width="14.285714285714286"
          >
            <path
              class="whiteKey key "
              d="M 71.42857142857143 0 v 47.5 q 0 2.5 1.4285714285714288 2.5 h 11.428571428571429 q 1.4285714285714288 0 1.4285714285714288 -2.5 v -47.5 Z"
              data-natural="A"
              data-octave="lower"
              rx="1.4285714285714288"
              ry="2.5"
              x="71.42857142857143"
            />
          </g>
          <g
            width="7.142857142857143"
          >
            <path
              class="blackKey key show"
              d="M 67.85714285714286 0 v 28.75 q 0 2.5 1.4285714285714288 2.5 h 4.285714285714286 q 1.4285714285714288 0 1.4285714285714288 -2.5 v -28.75 Z"
              data-flat="Ab"
              data-octave="lower"
              data-sharp="G#"
              rx="1.4285714285714288"
              ry="2.5"
              x="67.85714285714286"
            />
          </g>
          <g
            width="14.285714285714286"
          >
            <path
              class="whiteKey key "
              d="M 85.71428571428572 0 v 47.5 q 0 2.5 1.4285714285714288 2.5 h 11.428571428571429 q 1.4285714285714288 0 1.4285714285714288 -2.5 v -47.5 Z"
              data-natural="B"
              data-octave="lower"
              rx="1.4285714285714288"
              ry="2.5"
              x="85.71428571428572"
            />
          </g>
          <g
            width="7.142857142857143"
          >
            <path
              class="blackKey key show"
              d="M 82.14285714285715 0 v 28.75 q 0 2.5 1.4285714285714288 2.5 h 4.285714285714286 q 1.4285714285714288 0 1.4285714285714288 -2.5 v -28.75 Z"
              data-flat="Bb"
              data-octave="lower"
              data-sharp="A#"
              rx="1.4285714285714288"
              ry="2.5"
              x="82.14285714285715"
            />
          </g>
        </svg>
      </div>
      <div>
        <span
          class="bold"
        >
          Notes
        </span>
        <div
          class="bubble"
        >
          C#
        </div>
        <div
          class="bubble"
        >
          D#
        </div>
        <div
          class="bubble"
        >
          E#
        </div>
        <div
          class="bubble"
        >
          F#
        </div>
        <div
          class="bubble"
        >
          G#
        </div>
        <div
          class="bubble"
        >
          A#
        </div>
        <div
          class="bubble"
        >
          B#
        </div>
      </div>
      <span
        class="bold"
      >
        Chords in Scale
      </span>
      <div
        class="container"
      >
        <div
          class="bubble clickable"
        >
          <span
            class="align"
          >
            C#5
          </span>
          <img
            alt="Chord Information"
            data-nimg="1"
            decoding="async"
            height="24"
            loading="lazy"
            src="/_next/image?url=%2Fimg.jpg&w=48&q=75"
            srcset="/_next/image?url=%2Fimg.jpg&w=32&q=75 1x, /_next/image?url=%2Fimg.jpg&w=48&q=75 2x"
            style="color: transparent;"
            width="24"
          />
        </div>
        <div
          class="bubble clickable"
        >
          <span
            class="align"
          >
            C#sus4
          </span>
          <img
            alt="Chord Information"
            data-nimg="1"
            decoding="async"
            height="24"
            loading="lazy"
            src="/_next/image?url=%2Fimg.jpg&w=48&q=75"
            srcset="/_next/image?url=%2Fimg.jpg&w=32&q=75 1x, /_next/image?url=%2Fimg.jpg&w=48&q=75 2x"
            style="color: transparent;"
            width="24"
          />
        </div>
        <div
          class="bubble clickable"
        >
          <span
            class="align"
          >
            C#M7sus4
          </span>
          <img
            alt="Chord Information"
            data-nimg="1"
            decoding="async"
            height="24"
            loading="lazy"
            src="/_next/image?url=%2Fimg.jpg&w=48&q=75"
            srcset="/_next/image?url=%2Fimg.jpg&w=32&q=75 1x, /_next/image?url=%2Fimg.jpg&w=48&q=75 2x"
            style="color: transparent;"
            width="24"
          />
        </div>
        <div
          class="bubble clickable"
        >
          <span
            class="align"
          >
            C#M
          </span>
          <img
            alt="Chord Information"
            data-nimg="1"
            decoding="async"
            height="24"
            loading="lazy"
            src="/_next/image?url=%2Fimg.jpg&w=48&q=75"
            srcset="/_next/image?url=%2Fimg.jpg&w=32&q=75 1x, /_next/image?url=%2Fimg.jpg&w=48&q=75 2x"
            style="color: transparent;"
            width="24"
          />
        </div>
        <div
          class="bubble clickable"
        >
          <span
            class="align"
          >
            C#maj7
          </span>
          <img
            alt="Chord Information"
            data-nimg="1"
            decoding="async"
            height="24"
            loading="lazy"
            src="/_next/image?url=%2Fimg.jpg&w=48&q=75"
            srcset="/_next/image?url=%2Fimg.jpg&w=32&q=75 1x, /_next/image?url=%2Fimg.jpg&w=48&q=75 2x"
            style="color: transparent;"
            width="24"
          />
        </div>
        <div
          class="bubble clickable"
        >
          <span
            class="align"
          >
            C#6
          </span>
          <img
            alt="Chord Information"
            data-nimg="1"
            decoding="async"
            height="24"
            loading="lazy"
            src="/_next/image?url=%2Fimg.jpg&w=48&q=75"
            srcset="/_next/image?url=%2Fimg.jpg&w=32&q=75 1x, /_next/image?url=%2Fimg.jpg&w=48&q=75 2x"
            style="color: transparent;"
            width="24"
          />
        </div>
        <div
          class="bubble clickable"
        >
          <span
            class="align"
          >
            C#sus2
          </span>
          <img
            alt="Chord Information"
            data-nimg="1"
            decoding="async"
            height="24"
            loading="lazy"
            src="/_next/image?url=%2Fimg.jpg&w=48&q=75"
            srcset="/_next/image?url=%2Fimg.jpg&w=32&q=75 1x, /_next/image?url=%2Fimg.jpg&w=48&q=75 2x"
            style="color: transparent;"
            width="24"
          />
        </div>
        <div
          class="bubble clickable"
        >
          <span
            class="align"
          >
            C#sus24
          </span>
          <img
            alt="Chord Information"
            data-nimg="1"
            decoding="async"
            height="24"
            loading="lazy"
            src="/_next/image?url=%2Fimg.jpg&w=48&q=75"
            srcset="/_next/image?url=%2Fimg.jpg&w=32&q=75 1x, /_next/image?url=%2Fimg.jpg&w=48&q=75 2x"
            style="color: transparent;"
            width="24"
          />
        </div>
        <div
          class="bubble clickable"
        >
          <span
            class="align"
          >
            C#M9sus4
          </span>
          <img
            alt="Chord Information"
            data-nimg="1"
            decoding="async"
            height="24"
            loading="lazy"
            src="/_next/image?url=%2Fimg.jpg&w=48&q=75"
            srcset="/_next/image?url=%2Fimg.jpg&w=32&q=75 1x, /_next/image?url=%2Fimg.jpg&w=48&q=75 2x"
            style="color: transparent;"
            width="24"
          />
        </div>
        <div
          class="bubble clickable"
        >
          <span
            class="align"
          >
            C#Madd9
          </span>
          <img
            alt="Chord Information"
            data-nimg="1"
            decoding="async"
            height="24"
            loading="lazy"
            src="/_next/image?url=%2Fimg.jpg&w=48&q=75"
            srcset="/_next/image?url=%2Fimg.jpg&w=32&q=75 1x, /_next/image?url=%2Fimg.jpg&w=48&q=75 2x"
            style="color: transparent;"
            width="24"
          />
        </div>
        <div
          class="bubble clickable"
        >
          <span
            class="align"
          >
            C#maj9
          </span>
          <img
            alt="Chord Information"
            data-nimg="1"
            decoding="async"
            height="24"
            loading="lazy"
            src="/_next/image?url=%2Fimg.jpg&w=48&q=75"
            srcset="/_next/image?url=%2Fimg.jpg&w=32&q=75 1x, /_next/image?url=%2Fimg.jpg&w=48&q=75 2x"
            style="color: transparent;"
            width="24"
          />
        </div>
        <div
          class="bubble clickable"
        >
          <span
            class="align"
          >
            C#6/9
          </span>
          <img
            alt="Chord Information"
            data-nimg="1"
            decoding="async"
            height="24"
            loading="lazy"
            src="/_next/image?url=%2Fimg.jpg&w=48&q=75"
            srcset="/_next/image?url=%2Fimg.jpg&w=32&q=75 1x, /_next/image?url=%2Fimg.jpg&w=48&q=75 2x"
            style="color: transparent;"
            width="24"
          />
        </div>
        <div
          class="bubble clickable"
        >
          <span
            class="align"
          >
            C#maj13
          </span>
          <img
            alt="Chord Information"
            data-nimg="1"
            decoding="async"
            height="24"
            loading="lazy"
            src="/_next/image?url=%2Fimg.jpg&w=48&q=75"
            srcset="/_next/image?url=%2Fimg.jpg&w=32&q=75 1x, /_next/image?url=%2Fimg.jpg&w=48&q=75 2x"
            style="color: transparent;"
            width="24"
          />
        </div>
        <div
          class="bubble clickable"
        >
          <span
            class="align"
          >
            D#5
          </span>
          <img
            alt="Chord Information"
            data-nimg="1"
            decoding="async"
            height="24"
            loading="lazy"
            src="/_next/image?url=%2Fimg.jpg&w=48&q=75"
            srcset="/_next/image?url=%2Fimg.jpg&w=32&q=75 1x, /_next/image?url=%2Fimg.jpg&w=48&q=75 2x"
            style="color: transparent;"
            width="24"
          />
        </div>
        <div
          class="bubble clickable"
        >
          <span
            class="align"
          >
            D#sus4
          </span>
          <img
            alt="Chord Information"
            data-nimg="1"
            decoding="async"
            height="24"
            loading="lazy"
            src="/_next/image?url=%2Fimg.jpg&w=48&q=75"
            srcset="/_next/image?url=%2Fimg.jpg&w=32&q=75 1x, /_next/image?url=%2Fimg.jpg&w=48&q=75 2x"
            style="color: transparent;"
            width="24"
          />
        </div>
        <div
          class="bubble clickable"
        >
          <span
            class="align"
          >
            D#7sus4
          </span>
          <img
            alt="Chord Information"
            data-nimg="1"
            decoding="async"
            height="24"
            loading="lazy"
            src="/_next/image?url=%2Fimg.jpg&w=48&q=75"
            srcset="/_next/image?url=%2Fimg.jpg&w=32&q=75 1x, /_next/image?url=%2Fimg.jpg&w=48&q=75 2x"
            style="color: transparent;"
            width="24"
          />
        </div>
        <div
          class="bubble clickable"
        >
          <span
            class="align"
          >
            D#m
          </span>
          <img
            alt="Chord Information"
            data-nimg="1"
            decoding="async"
            height="24"
            loading="lazy"
            src="/_next/image?url=%2Fimg.jpg&w=48&q=75"
            srcset="/_next/image?url=%2Fimg.jpg&w=32&q=75 1x, /_next/image?url=%2Fimg.jpg&w=48&q=75 2x"
            style="color: transparent;"
            width="24"
          />
        </div>
        <div
          class="bubble clickable"
        >
          <span
            class="align"
          >
            D#m7
          </span>
          <img
            alt="Chord Information"
            data-nimg="1"
            decoding="async"
            height="24"
            loading="lazy"
            src="/_next/image?url=%2Fimg.jpg&w=48&q=75"
            srcset="/_next/image?url=%2Fimg.jpg&w=32&q=75 1x, /_next/image?url=%2Fimg.jpg&w=48&q=75 2x"
            style="color: transparent;"
            width="24"
          />
        </div>
        <div
          class="bubble clickable"
        >
          <span
            class="align"
          >
            D#m6
          </span>
          <img
            alt="Chord Information"
            data-nimg="1"
            decoding="async"
            height="24"
            loading="lazy"
            src="/_next/image?url=%2Fimg.jpg&w=48&q=75"
            srcset="/_next/image?url=%2Fimg.jpg&w=32&q=75 1x, /_next/image?url=%2Fimg.jpg&w=48&q=75 2x"
            style="color: transparent;"
            width="24"
          />
        </div>
        <div
          class="bubble clickable"
        >
          <span
            class="align"
          >
            D#4
          </span>
          <img
            alt="Chord Information"
            data-nimg="1"
            decoding="async"
            height="24"
            loading="lazy"
            src="/_next/image?url=%2Fimg.jpg&w=48&q=75"
            srcset="/_next/image?url=%2Fimg.jpg&w=32&q=75 1x, /_next/image?url=%2Fimg.jpg&w=48&q=75 2x"
            style="color: transparent;"
            width="24"
          />
        </div>
        <div
          class="bubble clickable"
        >
          <span
            class="align"
          >
            D#madd4
          </span>
          <img
            alt="Chord Information"
            data-nimg="1"
            decoding="async"
            height="24"
            loading="lazy"
            src="/_next/image?url=%2Fimg.jpg&w=48&q=75"
            srcset="/_next/image?url=%2Fimg.jpg&w=32&q=75 1x, /_next/image?url=%2Fimg.jpg&w=48&q=75 2x"
            style="color: transparent;"
            width="24"
          />
        </div>
        <div
          class="bubble clickable"
        >
          <span
            class="align"
          >
            D#m7add11
          </span>
          <img
            alt="Chord Information"
            data-nimg="1"
            decoding="async"
            height="24"
            loading="lazy"
            src="/_next/image?url=%2Fimg.jpg&w=48&q=75"
            srcset="/_next/image?url=%2Fimg.jpg&w=32&q=75 1x, /_next/image?url=%2Fimg.jpg&w=48&q=75 2x"
            style="color: transparent;"
            width="24"
          />
        </div>
        <div
          class="bubble clickable"
        >
          <span
            class="align"
          >
            D#sus2
          </span>
          <img
            alt="Chord Information"
            data-nimg="1"
            decoding="async"
            height="24"
            loading="lazy"
            src="/_next/image?url=%2Fimg.jpg&w=48&q=75"
            srcset="/_next/image?url=%2Fimg.jpg&w=32&q=75 1x, /_next/image?url=%2Fimg.jpg&w=48&q=75 2x"
            style="color: transparent;"
            width="24"
          />
        </div>
        <div
          class="bubble clickable"
        >
          <span
            class="align"
          >
            D#sus24
          </span>
          <img
            alt="Chord Information"
            data-nimg="1"
            decoding="async"
            height="24"
            loading="lazy"
            src="/_next/image?url=%2Fimg.jpg&w=48&q=75"
            srcset="/_next/image?url=%2Fimg.jpg&w=32&q=75 1x, /_next/image?url=%2Fimg.jpg&w=48&q=75 2x"
            style="color: transparent;"
            width="24"
          />
        </div>
        <div
          class="bubble clickable"
        >
          <span
            class="align"
          >
            D#11
          </span>
          <img
            alt="Chord Information"
            data-nimg="1"
            decoding="async"
            height="24"
            loading="lazy"
            src="/_next/image?url=%2Fimg.jpg&w=48&q=75"
            srcset="/_next/image?url=%2Fimg.jpg&w=32&q=75 1x, /_next/image?url=%2Fimg.jpg&w=48&q=75 2x"
            style="color: transparent;"
            width="24"
          />
        </div>
        <div
          class="bubble clickable"
        >
          <span
            class="align"
          >
            D#13sus4
          </span>
          <img
            alt="Chord Information"
            data-nimg="1"
            decoding="async"
            height="24"
            loading="lazy"
            src="/_next/image?url=%2Fimg.jpg&w=48&q=75"
            srcset="/_next/image?url=%2Fimg.jpg&w=32&q=75 1x, /_next/image?url=%2Fimg.jpg&w=48&q=75 2x"
            style="color: transparent;"
            width="24"
          />
        </div>
        <div
          class="bubble clickable"
        >
          <span
            class="align"
          >
            D#madd9
          </span>
          <img
            alt="Chord Information"
            data-nimg="1"
            decoding="async"
            height="24"
            loading="lazy"
            src="/_next/image?url=%2Fimg.jpg&w=48&q=75"
            srcset="/_next/image?url=%2Fimg.jpg&w=32&q=75 1x, /_next/image?url=%2Fimg.jpg&w=48&q=75 2x"
            style="color: transparent;"
            width="24"
          />
        </div>
        <div
          class="bubble clickable"
        >
          <span
            class="align"
          >
            D#m9
          </span>
          <img
            alt="Chord Information"
            data-nimg="1"
            decoding="async"
            height="24"
            loading="lazy"
            src="/_next/image?url=%2Fimg.jpg&w=48&q=75"
            srcset="/_next/image?url=%2Fimg.jpg&w=32&q=75 1x, /_next/image?url=%2Fimg.jpg&w=48&q=75 2x"
            style="color: transparent;"
            width="24"
          />
        </div>
        <div
          class="bubble clickable"
        >
          <span
            class="align"
          >
            D#m69
          </span>
          <img
            alt="Chord Information"
            data-nimg="1"
            decoding="async"
            height="24"
            loading="lazy"
            src="/_next/image?url=%2Fimg.jpg&w=48&q=75"
            srcset="/_next/image?url=%2Fimg.jpg&w=32&q=75 1x, /_next/image?url=%2Fimg.jpg&w=48&q=75 2x"
            style="color: transparent;"
            width="24"
          />
        </div>
        <div
          class="bubble clickable"
        >
          <span
            class="align"
          >
            D#m13
          </span>
          <img
            alt="Chord Information"
            data-nimg="1"
            decoding="async"
            height="24"
            loading="lazy"
            src="/_next/image?url=%2Fimg.jpg&w=48&q=75"
            srcset="/_next/image?url=%2Fimg.jpg&w=32&q=75 1x, /_next/image?url=%2Fimg.jpg&w=48&q=75 2x"
            style="color: transparent;"
            width="24"
          />
        </div>
        <div
          class="bubble clickable"
        >
          <span
            class="align"
          >
            D#m11
          </span>
          <img
            alt="Chord Information"
            data-nimg="1"
            decoding="async"
            height="24"
            loading="lazy"
            src="/_next/image?url=%2Fimg.jpg&w=48&q=75"
            srcset="/_next/image?url=%2Fimg.jpg&w=32&q=75 1x, /_next/image?url=%2Fimg.jpg&w=48&q=75 2x"
            style="color: transparent;"
            width="24"
          />
        </div>
        <div
          class="bubble clickable"
        >
          <span
            class="align"
          >
            E#5
          </span>
          <img
            alt="Chord Information"
            data-nimg="1"
            decoding="async"
            height="24"
            loading="lazy"
            src="/_next/image?url=%2Fimg.jpg&w=48&q=75"
            srcset="/_next/image?url=%2Fimg.jpg&w=32&q=75 1x, /_next/image?url=%2Fimg.jpg&w=48&q=75 2x"
            style="color: transparent;"
            width="24"
          />
        </div>
        <div
          class="bubble clickable"
        >
          <span
            class="align"
          >
            E#7#5sus4
          </span>
          <img
            alt="Chord Information"
            data-nimg="1"
            decoding="async"
            height="24"
            loading="lazy"
            src="/_next/image?url=%2Fimg.jpg&w=48&q=75"
            srcset="/_next/image?url=%2Fimg.jpg&w=32&q=75 1x, /_next/image?url=%2Fimg.jpg&w=48&q=75 2x"
            style="color: transparent;"
            width="24"
          />
        </div>
        <div
          class="bubble clickable"
        >
          <span
            class="align"
          >
            E#sus4
          </span>
          <img
            alt="Chord Information"
            data-nimg="1"
            decoding="async"
            height="24"
            loading="lazy"
            src="/_next/image?url=%2Fimg.jpg&w=48&q=75"
            srcset="/_next/image?url=%2Fimg.jpg&w=32&q=75 1x, /_next/image?url=%2Fimg.jpg&w=48&q=75 2x"
            style="color: transparent;"
            width="24"
          />
        </div>
        <div
          class="bubble clickable"
        >
          <span
            class="align"
          >
            E#7sus4
          </span>
          <img
            alt="Chord Information"
            data-nimg="1"
            decoding="async"
            height="24"
            loading="lazy"
            src="/_next/image?url=%2Fimg.jpg&w=48&q=75"
            srcset="/_next/image?url=%2Fimg.jpg&w=32&q=75 1x, /_next/image?url=%2Fimg.jpg&w=48&q=75 2x"
            style="color: transparent;"
            width="24"
          />
        </div>
        <div
          class="bubble clickable"
        >
          <span
            class="align"
          >
            E#m#5
          </span>
          <img
            alt="Chord Information"
            data-nimg="1"
            decoding="async"
            height="24"
            loading="lazy"
            src="/_next/image?url=%2Fimg.jpg&w=48&q=75"
            srcset="/_next/image?url=%2Fimg.jpg&w=32&q=75 1x, /_next/image?url=%2Fimg.jpg&w=48&q=75 2x"
            style="color: transparent;"
            width="24"
          />
        </div>
        <div
          class="bubble clickable"
        >
          <span
            class="align"
          >
            E#m7#5
          </span>
          <img
            alt="Chord Information"
            data-nimg="1"
            decoding="async"
            height="24"
            loading="lazy"
            src="/_next/image?url=%2Fimg.jpg&w=48&q=75"
            srcset="/_next/image?url=%2Fimg.jpg&w=32&q=75 1x, /_next/image?url=%2Fimg.jpg&w=48&q=75 2x"
            style="color: transparent;"
            width="24"
          />
        </div>
        <div
          class="bubble clickable"
        >
          <span
            class="align"
          >
            E#m
          </span>
          <img
            alt="Chord Information"
            data-nimg="1"
            decoding="async"
            height="24"
            loading="lazy"
            src="/_next/image?url=%2Fimg.jpg&w=48&q=75"
            srcset="/_next/image?url=%2Fimg.jpg&w=32&q=75 1x, /_next/image?url=%2Fimg.jpg&w=48&q=75 2x"
            style="color: transparent;"
            width="24"
          />
        </div>
        <div
          class="bubble clickable"
        >
          <span
            class="align"
          >
            E#m7
          </span>
          <img
            alt="Chord Information"
            data-nimg="1"
            decoding="async"
            height="24"
            loading="lazy"
            src="/_next/image?url=%2Fimg.jpg&w=48&q=75"
            srcset="/_next/image?url=%2Fimg.jpg&w=32&q=75 1x, /_next/image?url=%2Fimg.jpg&w=48&q=75 2x"
            style="color: transparent;"
            width="24"
          />
        </div>
        <div
          class="bubble clickable"
        >
          <span
            class="align"
          >
            E#4
          </span>
          <img
            alt="Chord Information"
            data-nimg="1"
            decoding="async"
            height="24"
            loading="lazy"
            src="/_next/image?url=%2Fimg.jpg&w=48&q=75"
            srcset="/_next/image?url=%2Fimg.jpg&w=32&q=75 1x, /_next/image?url=%2Fimg.jpg&w=48&q=75 2x"
            style="color: transparent;"
            width="24"
          />
        </div>
        <div
          class="bubble clickable"
        >
          <span
            class="align"
          >
            E#madd4
          </span>
          <img
            alt="Chord Information"
            data-nimg="1"
            decoding="async"
            height="24"
            loading="lazy"
            src="/_next/image?url=%2Fimg.jpg&w=48&q=75"
            srcset="/_next/image?url=%2Fimg.jpg&w=32&q=75 1x, /_next/image?url=%2Fimg.jpg&w=48&q=75 2x"
            style="color: transparent;"
            width="24"
          />
        </div>
        <div
          class="bubble clickable"
        >
          <span
            class="align"
          >
            E#m7add11
          </span>
          <img
            alt="Chord Information"
            data-nimg="1"
            decoding="async"
            height="24"
            loading="lazy"
            src="/_next/image?url=%2Fimg.jpg&w=48&q=75"
            srcset="/_next/image?url=%2Fimg.jpg&w=32&q=75 1x, /_next/image?url=%2Fimg.jpg&w=48&q=75 2x"
            style="color: transparent;"
            width="24"
          />
        </div>
        <div
          class="bubble clickable"
        >
          <span
            class="align"
          >
            E#b9sus
          </span>
          <img
            alt="Chord Information"
            data-nimg="1"
            decoding="async"
            height="24"
            loading="lazy"
            src="/_next/image?url=%2Fimg.jpg&w=48&q=75"
            srcset="/_next/image?url=%2Fimg.jpg&w=32&q=75 1x, /_next/image?url=%2Fimg.jpg&w=48&q=75 2x"
            style="color: transparent;"
            width="24"
          />
        </div>
        <div
          class="bubble clickable"
        >
          <span
            class="align"
          >
            E#7sus4b9b13
          </span>
          <img
            alt="Chord Information"
            data-nimg="1"
            decoding="async"
            height="24"
            loading="lazy"
            src="/_next/image?url=%2Fimg.jpg&w=48&q=75"
            srcset="/_next/image?url=%2Fimg.jpg&w=32&q=75 1x, /_next/image?url=%2Fimg.jpg&w=48&q=75 2x"
            style="color: transparent;"
            width="24"
          />
        </div>
        <div
          class="bubble clickable"
        >
          <span
            class="align"
          >
            E#mb6b9
          </span>
          <img
            alt="Chord Information"
            data-nimg="1"
            decoding="async"
            height="24"
            loading="lazy"
            src="/_next/image?url=%2Fimg.jpg&w=48&q=75"
            srcset="/_next/image?url=%2Fimg.jpg&w=32&q=75 1x, /_next/image?url=%2Fimg.jpg&w=48&q=75 2x"
            style="color: transparent;"
            width="24"
          />
        </div>
        <div
          class="bubble clickable"
        >
          <span
            class="align"
          >
            F#5
          </span>
          <img
            alt="Chord Information"
            data-nimg="1"
            decoding="async"
            height="24"
            loading="lazy"
            src="/_next/image?url=%2Fimg.jpg&w=48&q=75"
            srcset="/_next/image?url=%2Fimg.jpg&w=32&q=75 1x, /_next/image?url=%2Fimg.jpg&w=48&q=75 2x"
            style="color: transparent;"
            width="24"
          />
        </div>
        <div
          class="bubble clickable"
        >
          <span
            class="align"
          >
            F#M
          </span>
          <img
            alt="Chord Information"
            data-nimg="1"
            decoding="async"
            height="24"
            loading="lazy"
            src="/_next/image?url=%2Fimg.jpg&w=48&q=75"
            srcset="/_next/image?url=%2Fimg.jpg&w=32&q=75 1x, /_next/image?url=%2Fimg.jpg&w=48&q=75 2x"
            style="color: transparent;"
            width="24"
          />
        </div>
        <div
          class="bubble clickable"
        >
          <span
            class="align"
          >
            F#maj7
          </span>
          <img
            alt="Chord Information"
            data-nimg="1"
            decoding="async"
            height="24"
            loading="lazy"
            src="/_next/image?url=%2Fimg.jpg&w=48&q=75"
            srcset="/_next/image?url=%2Fimg.jpg&w=32&q=75 1x, /_next/image?url=%2Fimg.jpg&w=48&q=75 2x"
            style="color: transparent;"
            width="24"
          />
        </div>
        <div
          class="bubble clickable"
        >
          <span
            class="align"
          >
            F#6
          </span>
          <img
            alt="Chord Information"
            data-nimg="1"
            decoding="async"
            height="24"
            loading="lazy"
            src="/_next/image?url=%2Fimg.jpg&w=48&q=75"
            srcset="/_next/image?url=%2Fimg.jpg&w=32&q=75 1x, /_next/image?url=%2Fimg.jpg&w=48&q=75 2x"
            style="color: transparent;"
            width="24"
          />
        </div>
        <div
          class="bubble clickable"
        >
          <span
            class="align"
          >
            F#Mb5
          </span>
          <img
            alt="Chord Information"
            data-nimg="1"
            decoding="async"
            height="24"
            loading="lazy"
            src="/_next/image?url=%2Fimg.jpg&w=48&q=75"
            srcset="/_next/image?url=%2Fimg.jpg&w=32&q=75 1x, /_next/image?url=%2Fimg.jpg&w=48&q=75 2x"
            style="color: transparent;"
            width="24"
          />
        </div>
        <div
          class="bubble clickable"
        >
          <span
            class="align"
          >
            F#M7b5
          </span>
          <img
            alt="Chord Information"
            data-nimg="1"
            decoding="async"
            height="24"
            loading="lazy"
            src="/_next/image?url=%2Fimg.jpg&w=48&q=75"
            srcset="/_next/image?url=%2Fimg.jpg&w=32&q=75 1x, /_next/image?url=%2Fimg.jpg&w=48&q=75 2x"
            style="color: transparent;"
            width="24"
          />
        </div>
        <div
          class="bubble clickable"
        >
          <span
            class="align"
          >
            F#maj#4
          </span>
          <img
            alt="Chord Information"
            data-nimg="1"
            decoding="async"
            height="24"
            loading="lazy"
            src="/_next/image?url=%2Fimg.jpg&w=48&q=75"
            srcset="/_next/image?url=%2Fimg.jpg&w=32&q=75 1x, /_next/image?url=%2Fimg.jpg&w=48&q=75 2x"
            style="color: transparent;"
            width="24"
          />
        </div>
        <div
          class="bubble clickable"
        >
          <span
            class="align"
          >
            F#M6#11
          </span>
          <img
            alt="Chord Information"
            data-nimg="1"
            decoding="async"
            height="24"
            loading="lazy"
            src="/_next/image?url=%2Fimg.jpg&w=48&q=75"
            srcset="/_next/image?url=%2Fimg.jpg&w=32&q=75 1x, /_next/image?url=%2Fimg.jpg&w=48&q=75 2x"
            style="color: transparent;"
            width="24"
          />
        </div>
        <div
          class="bubble clickable"
        >
          <span
            class="align"
          >
            F#sus2
          </span>
          <img
            alt="Chord Information"
            data-nimg="1"
            decoding="async"
            height="24"
            loading="lazy"
            src="/_next/image?url=%2Fimg.jpg&w=48&q=75"
            srcset="/_next/image?url=%2Fimg.jpg&w=32&q=75 1x, /_next/image?url=%2Fimg.jpg&w=48&q=75 2x"
            style="color: transparent;"
            width="24"
          />
        </div>
        <div
          class="bubble clickable"
        >
          <span
            class="align"
          >
            F#Madd9
          </span>
          <img
            alt="Chord Information"
            data-nimg="1"
            decoding="async"
            height="24"
            loading="lazy"
            src="/_next/image?url=%2Fimg.jpg&w=48&q=75"
            srcset="/_next/image?url=%2Fimg.jpg&w=32&q=75 1x, /_next/image?url=%2Fimg.jpg&w=48&q=75 2x"
            style="color: transparent;"
            width="24"
          />
        </div>
        <div
          class="bubble clickable"
        >
          <span
            class="align"
          >
            F#maj9
          </span>
          <img
            alt="Chord Information"
            data-nimg="1"
            decoding="async"
            height="24"
            loading="lazy"
            src="/_next/image?url=%2Fimg.jpg&w=48&q=75"
            srcset="/_next/image?url=%2Fimg.jpg&w=32&q=75 1x, /_next/image?url=%2Fimg.jpg&w=48&q=75 2x"
            style="color: transparent;"
            width="24"
          />
        </div>
        <div
          class="bubble clickable"
        >
          <span
            class="align"
          >
            F#6/9
          </span>
          <img
            alt="Chord Information"
            data-nimg="1"
            decoding="async"
            height="24"
            loading="lazy"
            src="/_next/image?url=%2Fimg.jpg&w=48&q=75"
            srcset="/_next/image?url=%2Fimg.jpg&w=32&q=75 1x, /_next/image?url=%2Fimg.jpg&w=48&q=75 2x"
            style="color: transparent;"
            width="24"
          />
        </div>
        <div
          class="bubble clickable"
        >
          <span
            class="align"
          >
            F#maj13
          </span>
          <img
            alt="Chord Information"
            data-nimg="1"
            decoding="async"
            height="24"
            loading="lazy"
            src="/_next/image?url=%2Fimg.jpg&w=48&q=75"
            srcset="/_next/image?url=%2Fimg.jpg&w=32&q=75 1x, /_next/image?url=%2Fimg.jpg&w=48&q=75 2x"
            style="color: transparent;"
            width="24"
          />
        </div>
        <div
          class="bubble clickable"
        >
          <span
            class="align"
          >
            F#M9b5
          </span>
          <img
            alt="Chord Information"
            data-nimg="1"
            decoding="async"
            height="24"
            loading="lazy"
            src="/_next/image?url=%2Fimg.jpg&w=48&q=75"
            srcset="/_next/image?url=%2Fimg.jpg&w=32&q=75 1x, /_next/image?url=%2Fimg.jpg&w=48&q=75 2x"
            style="color: transparent;"
            width="24"
          />
        </div>
        <div
          class="bubble clickable"
        >
          <span
            class="align"
          >
            F#maj9#11
          </span>
          <img
            alt="Chord Information"
            data-nimg="1"
            decoding="async"
            height="24"
            loading="lazy"
            src="/_next/image?url=%2Fimg.jpg&w=48&q=75"
            srcset="/_next/image?url=%2Fimg.jpg&w=32&q=75 1x, /_next/image?url=%2Fimg.jpg&w=48&q=75 2x"
            style="color: transparent;"
            width="24"
          />
        </div>
        <div
          class="bubble clickable"
        >
          <span
            class="align"
          >
            F#69#11
          </span>
          <img
            alt="Chord Information"
            data-nimg="1"
            decoding="async"
            height="24"
            loading="lazy"
            src="/_next/image?url=%2Fimg.jpg&w=48&q=75"
            srcset="/_next/image?url=%2Fimg.jpg&w=32&q=75 1x, /_next/image?url=%2Fimg.jpg&w=48&q=75 2x"
            style="color: transparent;"
            width="24"
          />
        </div>
        <div
          class="bubble clickable"
        >
          <span
            class="align"
          >
            F#M13#11
          </span>
          <img
            alt="Chord Information"
            data-nimg="1"
            decoding="async"
            height="24"
            loading="lazy"
            src="/_next/image?url=%2Fimg.jpg&w=48&q=75"
            srcset="/_next/image?url=%2Fimg.jpg&w=32&q=75 1x, /_next/image?url=%2Fimg.jpg&w=48&q=75 2x"
            style="color: transparent;"
            width="24"
          />
        </div>
        <div
          class="bubble clickable"
        >
          <span
            class="align"
          >
            G#5
          </span>
          <img
            alt="Chord Information"
            data-nimg="1"
            decoding="async"
            height="24"
            loading="lazy"
            src="/_next/image?url=%2Fimg.jpg&w=48&q=75"
            srcset="/_next/image?url=%2Fimg.jpg&w=32&q=75 1x, /_next/image?url=%2Fimg.jpg&w=48&q=75 2x"
            style="color: transparent;"
            width="24"
          />
        </div>
        <div
          class="bubble clickable"
        >
          <span
            class="align"
          >
            G#sus4
          </span>
          <img
            alt="Chord Information"
            data-nimg="1"
            decoding="async"
            height="24"
            loading="lazy"
            src="/_next/image?url=%2Fimg.jpg&w=48&q=75"
            srcset="/_next/image?url=%2Fimg.jpg&w=32&q=75 1x, /_next/image?url=%2Fimg.jpg&w=48&q=75 2x"
            style="color: transparent;"
            width="24"
          />
        </div>
        <div
          class="bubble clickable"
        >
          <span
            class="align"
          >
            G#7sus4
          </span>
          <img
            alt="Chord Information"
            data-nimg="1"
            decoding="async"
            height="24"
            loading="lazy"
            src="/_next/image?url=%2Fimg.jpg&w=48&q=75"
            srcset="/_next/image?url=%2Fimg.jpg&w=32&q=75 1x, /_next/image?url=%2Fimg.jpg&w=48&q=75 2x"
            style="color: transparent;"
            width="24"
          />
        </div>
        <div
          class="bubble clickable"
        >
          <span
            class="align"
          >
            G#7no5
          </span>
          <img
            alt="Chord Information"
            data-nimg="1"
            decoding="async"
            height="24"
            loading="lazy"
            src="/_next/image?url=%2Fimg.jpg&w=48&q=75"
            srcset="/_next/image?url=%2Fimg.jpg&w=32&q=75 1x, /_next/image?url=%2Fimg.jpg&w=48&q=75 2x"
            style="color: transparent;"
            width="24"
          />
        </div>
        <div
          class="bubble clickable"
        >
          <span
            class="align"
          >
            G#M
          </span>
          <img
            alt="Chord Information"
            data-nimg="1"
            decoding="async"
            height="24"
            loading="lazy"
            src="/_next/image?url=%2Fimg.jpg&w=48&q=75"
            srcset="/_next/image?url=%2Fimg.jpg&w=32&q=75 1x, /_next/image?url=%2Fimg.jpg&w=48&q=75 2x"
            style="color: transparent;"
            width="24"
          />
        </div>
        <div
          class="bubble clickable"
        >
          <span
            class="align"
          >
            G#7
          </span>
          <img
            alt="Chord Information"
            data-nimg="1"
            decoding="async"
            height="24"
            loading="lazy"
            src="/_next/image?url=%2Fimg.jpg&w=48&q=75"
            srcset="/_next/image?url=%2Fimg.jpg&w=32&q=75 1x, /_next/image?url=%2Fimg.jpg&w=48&q=75 2x"
            style="color: transparent;"
            width="24"
          />
        </div>
        <div
          class="bubble clickable"
        >
          <span
            class="align"
          >
            G#6
          </span>
          <img
            alt="Chord Information"
            data-nimg="1"
            decoding="async"
            height="24"
            loading="lazy"
            src="/_next/image?url=%2Fimg.jpg&w=48&q=75"
            srcset="/_next/image?url=%2Fimg.jpg&w=32&q=75 1x, /_next/image?url=%2Fimg.jpg&w=48&q=75 2x"
            style="color: transparent;"
            width="24"
          />
        </div>
        <div
          class="bubble clickable"
        >
          <span
            class="align"
          >
            G#7add6
          </span>
          <img
            alt="Chord Information"
            data-nimg="1"
            decoding="async"
            height="24"
            loading="lazy"
            src="/_next/image?url=%2Fimg.jpg&w=48&q=75"
            srcset="/_next/image?url=%2Fimg.jpg&w=32&q=75 1x, /_next/image?url=%2Fimg.jpg&w=48&q=75 2x"
            style="color: transparent;"
            width="24"
          />
        </div>
        <div
          class="bubble clickable"
        >
          <span
            class="align"
          >
            G#sus2
          </span>
          <img
            alt="Chord Information"
            data-nimg="1"
            decoding="async"
            height="24"
            loading="lazy"
            src="/_next/image?url=%2Fimg.jpg&w=48&q=75"
            srcset="/_next/image?url=%2Fimg.jpg&w=32&q=75 1x, /_next/image?url=%2Fimg.jpg&w=48&q=75 2x"
            style="color: transparent;"
            width="24"
          />
        </div>
        <div
          class="bubble clickable"
        >
          <span
            class="align"
          >
            G#sus24
          </span>
          <img
            alt="Chord Information"
            data-nimg="1"
            decoding="async"
            height="24"
            loading="lazy"
            src="/_next/image?url=%2Fimg.jpg&w=48&q=75"
            srcset="/_next/image?url=%2Fimg.jpg&w=32&q=75 1x, /_next/image?url=%2Fimg.jpg&w=48&q=75 2x"
            style="color: transparent;"
            width="24"
          />
        </div>
        <div
          class="bubble clickable"
        >
          <span
            class="align"
          >
            G#11
          </span>
          <img
            alt="Chord Information"
            data-nimg="1"
            decoding="async"
            height="24"
            loading="lazy"
            src="/_next/image?url=%2Fimg.jpg&w=48&q=75"
            srcset="/_next/image?url=%2Fimg.jpg&w=32&q=75 1x, /_next/image?url=%2Fimg.jpg&w=48&q=75 2x"
            style="color: transparent;"
            width="24"
          />
        </div>
        <div
          class="bubble clickable"
        >
          <span
            class="align"
          >
            G#13sus4
          </span>
          <img
            alt="Chord Information"
            data-nimg="1"
            decoding="async"
            height="24"
            loading="lazy"
            src="/_next/image?url=%2Fimg.jpg&w=48&q=75"
            srcset="/_next/image?url=%2Fimg.jpg&w=32&q=75 1x, /_next/image?url=%2Fimg.jpg&w=48&q=75 2x"
            style="color: transparent;"
            width="24"
          />
        </div>
        <div
          class="bubble clickable"
        >
          <span
            class="align"
          >
            G#9no5
          </span>
          <img
            alt="Chord Information"
            data-nimg="1"
            decoding="async"
            height="24"
            loading="lazy"
            src="/_next/image?url=%2Fimg.jpg&w=48&q=75"
            srcset="/_next/image?url=%2Fimg.jpg&w=32&q=75 1x, /_next/image?url=%2Fimg.jpg&w=48&q=75 2x"
            style="color: transparent;"
            width="24"
          />
        </div>
        <div
          class="bubble clickable"
        >
          <span
            class="align"
          >
            G#13no5
          </span>
          <img
            alt="Chord Information"
            data-nimg="1"
            decoding="async"
            height="24"
            loading="lazy"
            src="/_next/image?url=%2Fimg.jpg&w=48&q=75"
            srcset="/_next/image?url=%2Fimg.jpg&w=32&q=75 1x, /_next/image?url=%2Fimg.jpg&w=48&q=75 2x"
            style="color: transparent;"
            width="24"
          />
        </div>
        <div
          class="bubble clickable"
        >
          <span
            class="align"
          >
            G#Madd9
          </span>
          <img
            alt="Chord Information"
            data-nimg="1"
            decoding="async"
            height="24"
            loading="lazy"
            src="/_next/image?url=%2Fimg.jpg&w=48&q=75"
            srcset="/_next/image?url=%2Fimg.jpg&w=32&q=75 1x, /_next/image?url=%2Fimg.jpg&w=48&q=75 2x"
            style="color: transparent;"
            width="24"
          />
        </div>
        <div
          class="bubble clickable"
        >
          <span
            class="align"
          >
            G#9
          </span>
          <img
            alt="Chord Information"
            data-nimg="1"
            decoding="async"
            height="24"
            loading="lazy"
            src="/_next/image?url=%2Fimg.jpg&w=48&q=75"
            srcset="/_next/image?url=%2Fimg.jpg&w=32&q=75 1x, /_next/image?url=%2Fimg.jpg&w=48&q=75 2x"
            style="color: transparent;"
            width="24"
          />
        </div>
        <div
          class="bubble clickable"
        >
          <span
            class="align"
          >
            G#6/9
          </span>
          <img
            alt="Chord Information"
            data-nimg="1"
            decoding="async"
            height="24"
            loading="lazy"
            src="/_next/image?url=%2Fimg.jpg&w=48&q=75"
            srcset="/_next/image?url=%2Fimg.jpg&w=32&q=75 1x, /_next/image?url=%2Fimg.jpg&w=48&q=75 2x"
            style="color: transparent;"
            width="24"
          />
        </div>
        <div
          class="bubble clickable"
        >
          <span
            class="align"
          >
            G#13
          </span>
          <img
            alt="Chord Information"
            data-nimg="1"
            decoding="async"
            height="24"
            loading="lazy"
            src="/_next/image?url=%2Fimg.jpg&w=48&q=75"
            srcset="/_next/image?url=%2Fimg.jpg&w=32&q=75 1x, /_next/image?url=%2Fimg.jpg&w=48&q=75 2x"
            style="color: transparent;"
            width="24"
          />
        </div>
        <div
          class="bubble clickable"
        >
          <span
            class="align"
          >
            A#5
          </span>
          <img
            alt="Chord Information"
            data-nimg="1"
            decoding="async"
            height="24"
            loading="lazy"
            src="/_next/image?url=%2Fimg.jpg&w=48&q=75"
            srcset="/_next/image?url=%2Fimg.jpg&w=32&q=75 1x, /_next/image?url=%2Fimg.jpg&w=48&q=75 2x"
            style="color: transparent;"
            width="24"
          />
        </div>
        <div
          class="bubble clickable"
        >
          <span
            class="align"
          >
            A#7#5sus4
          </span>
          <img
            alt="Chord Information"
            data-nimg="1"
            decoding="async"
            height="24"
            loading="lazy"
            src="/_next/image?url=%2Fimg.jpg&w=48&q=75"
            srcset="/_next/image?url=%2Fimg.jpg&w=32&q=75 1x, /_next/image?url=%2Fimg.jpg&w=48&q=75 2x"
            style="color: transparent;"
            width="24"
          />
        </div>
        <div
          class="bubble clickable"
        >
          <span
            class="align"
          >
            A#sus4
          </span>
          <img
            alt="Chord Information"
            data-nimg="1"
            decoding="async"
            height="24"
            loading="lazy"
            src="/_next/image?url=%2Fimg.jpg&w=48&q=75"
            srcset="/_next/image?url=%2Fimg.jpg&w=32&q=75 1x, /_next/image?url=%2Fimg.jpg&w=48&q=75 2x"
            style="color: transparent;"
            width="24"
          />
        </div>
        <div
          class="bubble clickable"
        >
          <span
            class="align"
          >
            A#7sus4
          </span>
          <img
            alt="Chord Information"
            data-nimg="1"
            decoding="async"
            height="24"
            loading="lazy"
            src="/_next/image?url=%2Fimg.jpg&w=48&q=75"
            srcset="/_next/image?url=%2Fimg.jpg&w=32&q=75 1x, /_next/image?url=%2Fimg.jpg&w=48&q=75 2x"
            style="color: transparent;"
            width="24"
          />
        </div>
        <div
          class="bubble clickable"
        >
          <span
            class="align"
          >
            A#m#5
          </span>
          <img
            alt="Chord Information"
            data-nimg="1"
            decoding="async"
            height="24"
            loading="lazy"
            src="/_next/image?url=%2Fimg.jpg&w=48&q=75"
            srcset="/_next/image?url=%2Fimg.jpg&w=32&q=75 1x, /_next/image?url=%2Fimg.jpg&w=48&q=75 2x"
            style="color: transparent;"
            width="24"
          />
        </div>
        <div
          class="bubble clickable"
        >
          <span
            class="align"
          >
            A#m7#5
          </span>
          <img
            alt="Chord Information"
            data-nimg="1"
            decoding="async"
            height="24"
            loading="lazy"
            src="/_next/image?url=%2Fimg.jpg&w=48&q=75"
            srcset="/_next/image?url=%2Fimg.jpg&w=32&q=75 1x, /_next/image?url=%2Fimg.jpg&w=48&q=75 2x"
            style="color: transparent;"
            width="24"
          />
        </div>
        <div
          class="bubble clickable"
        >
          <span
            class="align"
          >
            A#m
          </span>
          <img
            alt="Chord Information"
            data-nimg="1"
            decoding="async"
            height="24"
            loading="lazy"
            src="/_next/image?url=%2Fimg.jpg&w=48&q=75"
            srcset="/_next/image?url=%2Fimg.jpg&w=32&q=75 1x, /_next/image?url=%2Fimg.jpg&w=48&q=75 2x"
            style="color: transparent;"
            width="24"
          />
        </div>
        <div
          class="bubble clickable"
        >
          <span
            class="align"
          >
            A#m7
          </span>
          <img
            alt="Chord Information"
            data-nimg="1"
            decoding="async"
            height="24"
            loading="lazy"
            src="/_next/image?url=%2Fimg.jpg&w=48&q=75"
            srcset="/_next/image?url=%2Fimg.jpg&w=32&q=75 1x, /_next/image?url=%2Fimg.jpg&w=48&q=75 2x"
            style="color: transparent;"
            width="24"
          />
        </div>
        <div
          class="bubble clickable"
        >
          <span
            class="align"
          >
            A#4
          </span>
          <img
            alt="Chord Information"
            data-nimg="1"
            decoding="async"
            height="24"
            loading="lazy"
            src="/_next/image?url=%2Fimg.jpg&w=48&q=75"
            srcset="/_next/image?url=%2Fimg.jpg&w=32&q=75 1x, /_next/image?url=%2Fimg.jpg&w=48&q=75 2x"
            style="color: transparent;"
            width="24"
          />
        </div>
        <div
          class="bubble clickable"
        >
          <span
            class="align"
          >
            A#madd4
          </span>
          <img
            alt="Chord Information"
            data-nimg="1"
            decoding="async"
            height="24"
            loading="lazy"
            src="/_next/image?url=%2Fimg.jpg&w=48&q=75"
            srcset="/_next/image?url=%2Fimg.jpg&w=32&q=75 1x, /_next/image?url=%2Fimg.jpg&w=48&q=75 2x"
            style="color: transparent;"
            width="24"
          />
        </div>
        <div
          class="bubble clickable"
        >
          <span
            class="align"
          >
            A#m7add11
          </span>
          <img
            alt="Chord Information"
            data-nimg="1"
            decoding="async"
            height="24"
            loading="lazy"
            src="/_next/image?url=%2Fimg.jpg&w=48&q=75"
            srcset="/_next/image?url=%2Fimg.jpg&w=32&q=75 1x, /_next/image?url=%2Fimg.jpg&w=48&q=75 2x"
            style="color: transparent;"
            width="24"
          />
        </div>
        <div
          class="bubble clickable"
        >
          <span
            class="align"
          >
            A#sus2
          </span>
          <img
            alt="Chord Information"
            data-nimg="1"
            decoding="async"
            height="24"
            loading="lazy"
            src="/_next/image?url=%2Fimg.jpg&w=48&q=75"
            srcset="/_next/image?url=%2Fimg.jpg&w=32&q=75 1x, /_next/image?url=%2Fimg.jpg&w=48&q=75 2x"
            style="color: transparent;"
            width="24"
          />
        </div>
        <div
          class="bubble clickable"
        >
          <span
            class="align"
          >
            A#sus24
          </span>
          <img
            alt="Chord Information"
            data-nimg="1"
            decoding="async"
            height="24"
            loading="lazy"
            src="/_next/image?url=%2Fimg.jpg&w=48&q=75"
            srcset="/_next/image?url=%2Fimg.jpg&w=32&q=75 1x, /_next/image?url=%2Fimg.jpg&w=48&q=75 2x"
            style="color: transparent;"
            width="24"
          />
        </div>
        <div
          class="bubble clickable"
        >
          <span
            class="align"
          >
            A#11
          </span>
          <img
            alt="Chord Information"
            data-nimg="1"
            decoding="async"
            height="24"
            loading="lazy"
            src="/_next/image?url=%2Fimg.jpg&w=48&q=75"
            srcset="/_next/image?url=%2Fimg.jpg&w=32&q=75 1x, /_next/image?url=%2Fimg.jpg&w=48&q=75 2x"
            style="color: transparent;"
            width="24"
          />
        </div>
        <div
          class="bubble clickable"
        >
          <span
            class="align"
          >
            A#m9#5
          </span>
          <img
            alt="Chord Information"
            data-nimg="1"
            decoding="async"
            height="24"
            loading="lazy"
            src="/_next/image?url=%2Fimg.jpg&w=48&q=75"
            srcset="/_next/image?url=%2Fimg.jpg&w=32&q=75 1x, /_next/image?url=%2Fimg.jpg&w=48&q=75 2x"
            style="color: transparent;"
            width="24"
          />
        </div>
        <div
          class="bubble clickable"
        >
          <span
            class="align"
          >
            A#madd9
          </span>
          <img
            alt="Chord Information"
            data-nimg="1"
            decoding="async"
            height="24"
            loading="lazy"
            src="/_next/image?url=%2Fimg.jpg&w=48&q=75"
            srcset="/_next/image?url=%2Fimg.jpg&w=32&q=75 1x, /_next/image?url=%2Fimg.jpg&w=48&q=75 2x"
            style="color: transparent;"
            width="24"
          />
        </div>
        <div
          class="bubble clickable"
        >
          <span
            class="align"
          >
            A#m9
          </span>
          <img
            alt="Chord Information"
            data-nimg="1"
            decoding="async"
            height="24"
            loading="lazy"
            src="/_next/image?url=%2Fimg.jpg&w=48&q=75"
            srcset="/_next/image?url=%2Fimg.jpg&w=32&q=75 1x, /_next/image?url=%2Fimg.jpg&w=48&q=75 2x"
            style="color: transparent;"
            width="24"
          />
        </div>
        <div
          class="bubble clickable"
        >
          <span
            class="align"
          >
            A#m11A
          </span>
          <img
            alt="Chord Information"
            data-nimg="1"
            decoding="async"
            height="24"
            loading="lazy"
            src="/_next/image?url=%2Fimg.jpg&w=48&q=75"
            srcset="/_next/image?url=%2Fimg.jpg&w=32&q=75 1x, /_next/image?url=%2Fimg.jpg&w=48&q=75 2x"
            style="color: transparent;"
            width="24"
          />
        </div>
        <div
          class="bubble clickable"
        >
          <span
            class="align"
          >
            A#m11
          </span>
          <img
            alt="Chord Information"
            data-nimg="1"
            decoding="async"
            height="24"
            loading="lazy"
            src="/_next/image?url=%2Fimg.jpg&w=48&q=75"
            srcset="/_next/image?url=%2Fimg.jpg&w=32&q=75 1x, /_next/image?url=%2Fimg.jpg&w=48&q=75 2x"
            style="color: transparent;"
            width="24"
          />
        </div>
        <div
          class="bubble clickable"
        >
          <span
            class="align"
          >
            B#7#5sus4
          </span>
          <img
            alt="Chord Information"
            data-nimg="1"
            decoding="async"
            height="24"
            loading="lazy"
            src="/_next/image?url=%2Fimg.jpg&w=48&q=75"
            srcset="/_next/image?url=%2Fimg.jpg&w=32&q=75 1x, /_next/image?url=%2Fimg.jpg&w=48&q=75 2x"
            style="color: transparent;"
            width="24"
          />
        </div>
        <div
          class="bubble clickable"
        >
          <span
            class="align"
          >
            B#m#5
          </span>
          <img
            alt="Chord Information"
            data-nimg="1"
            decoding="async"
            height="24"
            loading="lazy"
            src="/_next/image?url=%2Fimg.jpg&w=48&q=75"
            srcset="/_next/image?url=%2Fimg.jpg&w=32&q=75 1x, /_next/image?url=%2Fimg.jpg&w=48&q=75 2x"
            style="color: transparent;"
            width="24"
          />
        </div>
        <div
          class="bubble clickable"
        >
          <span
            class="align"
          >
            B#m7#5
          </span>
          <img
            alt="Chord Information"
            data-nimg="1"
            decoding="async"
            height="24"
            loading="lazy"
            src="/_next/image?url=%2Fimg.jpg&w=48&q=75"
            srcset="/_next/image?url=%2Fimg.jpg&w=32&q=75 1x, /_next/image?url=%2Fimg.jpg&w=48&q=75 2x"
            style="color: transparent;"
            width="24"
          />
        </div>
        <div
          class="bubble clickable"
        >
          <span
            class="align"
          >
            B#dim
          </span>
          <img
            alt="Chord Information"
            data-nimg="1"
            decoding="async"
            height="24"
            loading="lazy"
            src="/_next/image?url=%2Fimg.jpg&w=48&q=75"
            srcset="/_next/image?url=%2Fimg.jpg&w=32&q=75 1x, /_next/image?url=%2Fimg.jpg&w=48&q=75 2x"
            style="color: transparent;"
            width="24"
          />
        </div>
        <div
          class="bubble clickable"
        >
          <span
            class="align"
          >
            B#m7b5
          </span>
          <img
            alt="Chord Information"
            data-nimg="1"
            decoding="async"
            height="24"
            loading="lazy"
            src="/_next/image?url=%2Fimg.jpg&w=48&q=75"
            srcset="/_next/image?url=%2Fimg.jpg&w=32&q=75 1x, /_next/image?url=%2Fimg.jpg&w=48&q=75 2x"
            style="color: transparent;"
            width="24"
          />
        </div>
        <div
          class="bubble clickable"
        >
          <span
            class="align"
          >
            B#4
          </span>
          <img
            alt="Chord Information"
            data-nimg="1"
            decoding="async"
            height="24"
            loading="lazy"
            src="/_next/image?url=%2Fimg.jpg&w=48&q=75"
            srcset="/_next/image?url=%2Fimg.jpg&w=32&q=75 1x, /_next/image?url=%2Fimg.jpg&w=48&q=75 2x"
            style="color: transparent;"
            width="24"
          />
        </div>
        <div
          class="bubble clickable"
        >
          <span
            class="align"
          >
            B#mb6b9
          </span>
          <img
            alt="Chord Information"
            data-nimg="1"
            decoding="async"
            height="24"
            loading="lazy"
            src="/_next/image?url=%2Fimg.jpg&w=48&q=75"
            srcset="/_next/image?url=%2Fimg.jpg&w=32&q=75 1x, /_next/image?url=%2Fimg.jpg&w=48&q=75 2x"
            style="color: transparent;"
            width="24"
          />
        </div>
      </div>
    </div>
  </div>
</body>
`;
